MPLINK 5.09, LINKER
Linker Map File - Created Mon Nov 17 17:17:29 2025

                                 Section Info
                  Section       Type    Address   Location Size(Bytes)
                ---------  ---------  ---------  ---------  ---------
                   .org_0       code   0x000000    program   0x000002
                   .cinit    romdata   0x000001    program   0x000004
                   .org_1       code   0x000004    program   0x000372
.config_2007_BUILD/DEFAULT/PRODUCTION/TRABAJO       code   0x002007    program   0x000002



                              Program Memory Usage 
                               Start         End      
                           ---------   ---------      
                            0x000000    0x000002      
                            0x000004    0x0001bc      
                            0x002007    0x002007      
            445 out of 8455 program addresses used, program memory utilization is 5%



                              Symbols - Sorted by Name
                     Name    Address   Location    Storage File                     
                ---------  ---------  ---------  --------- ---------                
                 ACQ_LOOP   0x0000d0    program     static C:\Users\Mauri\MPLABXProjects\Digital2\TrabajosPractico.X\Trabajo5INTEGRADOR.asm
                 ADC_READ   0x0000ce    program     static C:\Users\Mauri\MPLABXProjects\Digital2\TrabajosPractico.X\Trabajo5INTEGRADOR.asm
                CENT_LOOP   0x000113    program     static C:\Users\Mauri\MPLABXProjects\Digital2\TrabajosPractico.X\Trabajo5INTEGRADOR.asm
                 DEC_LOOP   0x00011b    program     static C:\Users\Mauri\MPLABXProjects\Digital2\TrabajosPractico.X\Trabajo5INTEGRADOR.asm
               DELAY_20ms   0x0000c5    program     static C:\Users\Mauri\MPLABXProjects\Digital2\TrabajosPractico.X\Trabajo5INTEGRADOR.asm
                DELAY_2ms   0x0000bb    program     static C:\Users\Mauri\MPLABXProjects\Digital2\TrabajosPractico.X\Trabajo5INTEGRADOR.asm
                 FIX_CENT   0x000119    program     static C:\Users\Mauri\MPLABXProjects\Digital2\TrabajosPractico.X\Trabajo5INTEGRADOR.asm
                  FIX_DEC   0x000121    program     static C:\Users\Mauri\MPLABXProjects\Digital2\TrabajosPractico.X\Trabajo5INTEGRADOR.asm
                   INICIO   0x000005    program     static C:\Users\Mauri\MPLABXProjects\Digital2\TrabajosPractico.X\Trabajo5INTEGRADOR.asm
                  ISR_FIN   0x0000b7    program     static C:\Users\Mauri\MPLABXProjects\Digital2\TrabajosPractico.X\Trabajo5INTEGRADOR.asm
               ISR_INICIO   0x00006b    program     static C:\Users\Mauri\MPLABXProjects\Digital2\TrabajosPractico.X\Trabajo5INTEGRADOR.asm
               LOOP1_20ms   0x0000c7    program     static C:\Users\Mauri\MPLABXProjects\Digital2\TrabajosPractico.X\Trabajo5INTEGRADOR.asm
                LOOP1_2ms   0x0000bd    program     static C:\Users\Mauri\MPLABXProjects\Digital2\TrabajosPractico.X\Trabajo5INTEGRADOR.asm
               LOOP2_20ms   0x0000c9    program     static C:\Users\Mauri\MPLABXProjects\Digital2\TrabajosPractico.X\Trabajo5INTEGRADOR.asm
                LOOP2_2ms   0x0000bf    program     static C:\Users\Mauri\MPLABXProjects\Digital2\TrabajosPractico.X\Trabajo5INTEGRADOR.asm
             LOOP_SENDADC   0x000102    program     static C:\Users\Mauri\MPLABXProjects\Digital2\TrabajosPractico.X\Trabajo5INTEGRADOR.asm
                MAIN_LOOP   0x000063    program     static C:\Users\Mauri\MPLABXProjects\Digital2\TrabajosPractico.X\Trabajo5INTEGRADOR.asm
               MAXdB_COMP   0x000126    program     static C:\Users\Mauri\MPLABXProjects\Digital2\TrabajosPractico.X\Trabajo5INTEGRADOR.asm
              MAXdB_TRANS   0x00010d    program     static C:\Users\Mauri\MPLABXProjects\Digital2\TrabajosPractico.X\Trabajo5INTEGRADOR.asm
                 MUESTREO   0x000168    program     static C:\Users\Mauri\MPLABXProjects\Digital2\TrabajosPractico.X\Trabajo5INTEGRADOR.asm
                 MUL_DONE   0x0000fb    program     static C:\Users\Mauri\MPLABXProjects\Digital2\TrabajosPractico.X\Trabajo5INTEGRADOR.asm
                 MUL_LOOP   0x0000f4    program     static C:\Users\Mauri\MPLABXProjects\Digital2\TrabajosPractico.X\Trabajo5INTEGRADOR.asm
                 SEND_ADC   0x000102    program     static C:\Users\Mauri\MPLABXProjects\Digital2\TrabajosPractico.X\Trabajo5INTEGRADOR.asm
              TABLA_MAXdB   0x0001a1    program     static C:\Users\Mauri\MPLABXProjects\Digital2\TrabajosPractico.X\Trabajo5INTEGRADOR.asm
               TABLA_TECL   0x0001b2    program     static C:\Users\Mauri\MPLABXProjects\Digital2\TrabajosPractico.X\Trabajo5INTEGRADOR.asm
             TECL_DELAYC1   0x000088    program     static C:\Users\Mauri\MPLABXProjects\Digital2\TrabajosPractico.X\Trabajo5INTEGRADOR.asm
             TECL_DELAYC2   0x00008d    program     static C:\Users\Mauri\MPLABXProjects\Digital2\TrabajosPractico.X\Trabajo5INTEGRADOR.asm
             TECL_DELAYC3   0x000092    program     static C:\Users\Mauri\MPLABXProjects\Digital2\TrabajosPractico.X\Trabajo5INTEGRADOR.asm
             TECL_DELAYC4   0x000097    program     static C:\Users\Mauri\MPLABXProjects\Digital2\TrabajosPractico.X\Trabajo5INTEGRADOR.asm
                TECL_LOAD   0x00009c    program     static C:\Users\Mauri\MPLABXProjects\Digital2\TrabajosPractico.X\Trabajo5INTEGRADOR.asm
                 TECL_RES   0x0000a6    program     static C:\Users\Mauri\MPLABXProjects\Digital2\TrabajosPractico.X\Trabajo5INTEGRADOR.asm
                 TEST_COL   0x000075    program     static C:\Users\Mauri\MPLABXProjects\Digital2\TrabajosPractico.X\Trabajo5INTEGRADOR.asm
                 TEST_FIL   0x000082    program     static C:\Users\Mauri\MPLABXProjects\Digital2\TrabajosPractico.X\Trabajo5INTEGRADOR.asm
             TRANS_ADC_DB   0x0000db    program     static C:\Users\Mauri\MPLABXProjects\Digital2\TrabajosPractico.X\Trabajo5INTEGRADOR.asm
                 WAIT_ADC   0x0000d5    program     static C:\Users\Mauri\MPLABXProjects\Digital2\TrabajosPractico.X\Trabajo5INTEGRADOR.asm
             WAIT_RELEASE   0x0000aa    program     static C:\Users\Mauri\MPLABXProjects\Digital2\TrabajosPractico.X\Trabajo5INTEGRADOR.asm
                   RETURN   0x0000ce    program     static C:\Users\Mauri\MPLABXProjects\Digital2\TrabajosPractico.X\Trabajo5INTEGRADOR.asm



                              Symbols - Sorted by Address
                     Name    Address   Location    Storage File                     
                ---------  ---------  ---------  --------- ---------                
                   INICIO   0x000005    program     static C:\Users\Mauri\MPLABXProjects\Digital2\TrabajosPractico.X\Trabajo5INTEGRADOR.asm
                MAIN_LOOP   0x000063    program     static C:\Users\Mauri\MPLABXProjects\Digital2\TrabajosPractico.X\Trabajo5INTEGRADOR.asm
               ISR_INICIO   0x00006b    program     static C:\Users\Mauri\MPLABXProjects\Digital2\TrabajosPractico.X\Trabajo5INTEGRADOR.asm
                 TEST_COL   0x000075    program     static C:\Users\Mauri\MPLABXProjects\Digital2\TrabajosPractico.X\Trabajo5INTEGRADOR.asm
                 TEST_FIL   0x000082    program     static C:\Users\Mauri\MPLABXProjects\Digital2\TrabajosPractico.X\Trabajo5INTEGRADOR.asm
             TECL_DELAYC1   0x000088    program     static C:\Users\Mauri\MPLABXProjects\Digital2\TrabajosPractico.X\Trabajo5INTEGRADOR.asm
             TECL_DELAYC2   0x00008d    program     static C:\Users\Mauri\MPLABXProjects\Digital2\TrabajosPractico.X\Trabajo5INTEGRADOR.asm
             TECL_DELAYC3   0x000092    program     static C:\Users\Mauri\MPLABXProjects\Digital2\TrabajosPractico.X\Trabajo5INTEGRADOR.asm
             TECL_DELAYC4   0x000097    program     static C:\Users\Mauri\MPLABXProjects\Digital2\TrabajosPractico.X\Trabajo5INTEGRADOR.asm
                TECL_LOAD   0x00009c    program     static C:\Users\Mauri\MPLABXProjects\Digital2\TrabajosPractico.X\Trabajo5INTEGRADOR.asm
                 TECL_RES   0x0000a6    program     static C:\Users\Mauri\MPLABXProjects\Digital2\TrabajosPractico.X\Trabajo5INTEGRADOR.asm
             WAIT_RELEASE   0x0000aa    program     static C:\Users\Mauri\MPLABXProjects\Digital2\TrabajosPractico.X\Trabajo5INTEGRADOR.asm
                  ISR_FIN   0x0000b7    program     static C:\Users\Mauri\MPLABXProjects\Digital2\TrabajosPractico.X\Trabajo5INTEGRADOR.asm
                DELAY_2ms   0x0000bb    program     static C:\Users\Mauri\MPLABXProjects\Digital2\TrabajosPractico.X\Trabajo5INTEGRADOR.asm
                LOOP1_2ms   0x0000bd    program     static C:\Users\Mauri\MPLABXProjects\Digital2\TrabajosPractico.X\Trabajo5INTEGRADOR.asm
                LOOP2_2ms   0x0000bf    program     static C:\Users\Mauri\MPLABXProjects\Digital2\TrabajosPractico.X\Trabajo5INTEGRADOR.asm
               DELAY_20ms   0x0000c5    program     static C:\Users\Mauri\MPLABXProjects\Digital2\TrabajosPractico.X\Trabajo5INTEGRADOR.asm
               LOOP1_20ms   0x0000c7    program     static C:\Users\Mauri\MPLABXProjects\Digital2\TrabajosPractico.X\Trabajo5INTEGRADOR.asm
               LOOP2_20ms   0x0000c9    program     static C:\Users\Mauri\MPLABXProjects\Digital2\TrabajosPractico.X\Trabajo5INTEGRADOR.asm
                 ADC_READ   0x0000ce    program     static C:\Users\Mauri\MPLABXProjects\Digital2\TrabajosPractico.X\Trabajo5INTEGRADOR.asm
                   RETURN   0x0000ce    program     static C:\Users\Mauri\MPLABXProjects\Digital2\TrabajosPractico.X\Trabajo5INTEGRADOR.asm
                 ACQ_LOOP   0x0000d0    program     static C:\Users\Mauri\MPLABXProjects\Digital2\TrabajosPractico.X\Trabajo5INTEGRADOR.asm
                 WAIT_ADC   0x0000d5    program     static C:\Users\Mauri\MPLABXProjects\Digital2\TrabajosPractico.X\Trabajo5INTEGRADOR.asm
             TRANS_ADC_DB   0x0000db    program     static C:\Users\Mauri\MPLABXProjects\Digital2\TrabajosPractico.X\Trabajo5INTEGRADOR.asm
                 MUL_LOOP   0x0000f4    program     static C:\Users\Mauri\MPLABXProjects\Digital2\TrabajosPractico.X\Trabajo5INTEGRADOR.asm
                 MUL_DONE   0x0000fb    program     static C:\Users\Mauri\MPLABXProjects\Digital2\TrabajosPractico.X\Trabajo5INTEGRADOR.asm
                 SEND_ADC   0x000102    program     static C:\Users\Mauri\MPLABXProjects\Digital2\TrabajosPractico.X\Trabajo5INTEGRADOR.asm
             LOOP_SENDADC   0x000102    program     static C:\Users\Mauri\MPLABXProjects\Digital2\TrabajosPractico.X\Trabajo5INTEGRADOR.asm
              MAXdB_TRANS   0x00010d    program     static C:\Users\Mauri\MPLABXProjects\Digital2\TrabajosPractico.X\Trabajo5INTEGRADOR.asm
                CENT_LOOP   0x000113    program     static C:\Users\Mauri\MPLABXProjects\Digital2\TrabajosPractico.X\Trabajo5INTEGRADOR.asm
                 FIX_CENT   0x000119    program     static C:\Users\Mauri\MPLABXProjects\Digital2\TrabajosPractico.X\Trabajo5INTEGRADOR.asm
                 DEC_LOOP   0x00011b    program     static C:\Users\Mauri\MPLABXProjects\Digital2\TrabajosPractico.X\Trabajo5INTEGRADOR.asm
                  FIX_DEC   0x000121    program     static C:\Users\Mauri\MPLABXProjects\Digital2\TrabajosPractico.X\Trabajo5INTEGRADOR.asm
               MAXdB_COMP   0x000126    program     static C:\Users\Mauri\MPLABXProjects\Digital2\TrabajosPractico.X\Trabajo5INTEGRADOR.asm
                 MUESTREO   0x000168    program     static C:\Users\Mauri\MPLABXProjects\Digital2\TrabajosPractico.X\Trabajo5INTEGRADOR.asm
              TABLA_MAXdB   0x0001a1    program     static C:\Users\Mauri\MPLABXProjects\Digital2\TrabajosPractico.X\Trabajo5INTEGRADOR.asm
               TABLA_TECL   0x0001b2    program     static C:\Users\Mauri\MPLABXProjects\Digital2\TrabajosPractico.X\Trabajo5INTEGRADOR.asm


