MPLINK 5.09, LINKER
Linker Map File - Created Mon Oct 13 18:00:44 2025

                                 Section Info
                  Section       Type    Address   Location Size(Bytes)
                ---------  ---------  ---------  ---------  ---------
                   .org_0       code   0x000000    program   0x000002
                   .cinit    romdata   0x000001    program   0x000004
                   .org_1       code   0x000004    program   0x000192
.config_2007_BUILD/DEFAULT/PRODUCTION/TRABAJO       code   0x002007    program   0x000002



                              Program Memory Usage 
                               Start         End      
                           ---------   ---------      
                            0x000000    0x000002      
                            0x000004    0x0000cc      
                            0x002007    0x002007      
            205 out of 8455 program addresses used, program memory utilization is 2%



                              Symbols - Sorted by Name
                     Name    Address   Location    Storage File                     
                ---------  ---------  ---------  --------- ---------                
               DELAY_20ms   0x0000c3    program     static C:\Users\Mauricio\MPLABXProjects\TrabajosPractico.X\Trabajo4.asm
                DELAY_2ms   0x0000b9    program     static C:\Users\Mauricio\MPLABXProjects\TrabajosPractico.X\Trabajo4.asm
                   INICIO   0x000005    program     static C:\Users\Mauricio\MPLABXProjects\TrabajosPractico.X\Trabajo4.asm
                  ISR_FIN   0x00008e    program     static C:\Users\Mauricio\MPLABXProjects\TrabajosPractico.X\Trabajo4.asm
               ISR_INICIO   0x000032    program     static C:\Users\Mauricio\MPLABXProjects\TrabajosPractico.X\Trabajo4.asm
               LOOP1_20ms   0x0000c5    program     static C:\Users\Mauricio\MPLABXProjects\TrabajosPractico.X\Trabajo4.asm
                LOOP1_2ms   0x0000bb    program     static C:\Users\Mauricio\MPLABXProjects\TrabajosPractico.X\Trabajo4.asm
               LOOP2_20ms   0x0000c7    program     static C:\Users\Mauricio\MPLABXProjects\TrabajosPractico.X\Trabajo4.asm
                LOOP2_2ms   0x0000bd    program     static C:\Users\Mauricio\MPLABXProjects\TrabajosPractico.X\Trabajo4.asm
            LOOP_MUESTREO   0x00002b    program     static C:\Users\Mauricio\MPLABXProjects\TrabajosPractico.X\Trabajo4.asm
                MAIN_LOOP   0x00002b    program     static C:\Users\Mauricio\MPLABXProjects\TrabajosPractico.X\Trabajo4.asm
                 MUESTREO   0x000092    program     static C:\Users\Mauricio\MPLABXProjects\TrabajosPractico.X\Trabajo4.asm
               TABLA_TECL   0x0000a8    program     static C:\Users\Mauricio\MPLABXProjects\TrabajosPractico.X\Trabajo4.asm
             TECL_DELAYC1   0x000050    program     static C:\Users\Mauricio\MPLABXProjects\TrabajosPractico.X\Trabajo4.asm
             TECL_DELAYC2   0x000055    program     static C:\Users\Mauricio\MPLABXProjects\TrabajosPractico.X\Trabajo4.asm
             TECL_DELAYC3   0x00005a    program     static C:\Users\Mauricio\MPLABXProjects\TrabajosPractico.X\Trabajo4.asm
             TECL_DELAYC4   0x00005f    program     static C:\Users\Mauricio\MPLABXProjects\TrabajosPractico.X\Trabajo4.asm
                TECL_LOAD   0x000064    program     static C:\Users\Mauricio\MPLABXProjects\TrabajosPractico.X\Trabajo4.asm
               TECL_LOAD1   0x00007a    program     static C:\Users\Mauricio\MPLABXProjects\TrabajosPractico.X\Trabajo4.asm
               TECL_LOAD2   0x000077    program     static C:\Users\Mauricio\MPLABXProjects\TrabajosPractico.X\Trabajo4.asm
               TECL_LOAD3   0x000072    program     static C:\Users\Mauricio\MPLABXProjects\TrabajosPractico.X\Trabajo4.asm
                 TECL_RES   0x00007d    program     static C:\Users\Mauricio\MPLABXProjects\TrabajosPractico.X\Trabajo4.asm
                 TEST_COL   0x00003d    program     static C:\Users\Mauricio\MPLABXProjects\TrabajosPractico.X\Trabajo4.asm
                 TEST_FIL   0x00004a    program     static C:\Users\Mauricio\MPLABXProjects\TrabajosPractico.X\Trabajo4.asm
             WAIT_RELEASE   0x000081    program     static C:\Users\Mauricio\MPLABXProjects\TrabajosPractico.X\Trabajo4.asm



                              Symbols - Sorted by Address
                     Name    Address   Location    Storage File                     
                ---------  ---------  ---------  --------- ---------                
                   INICIO   0x000005    program     static C:\Users\Mauricio\MPLABXProjects\TrabajosPractico.X\Trabajo4.asm
            LOOP_MUESTREO   0x00002b    program     static C:\Users\Mauricio\MPLABXProjects\TrabajosPractico.X\Trabajo4.asm
                MAIN_LOOP   0x00002b    program     static C:\Users\Mauricio\MPLABXProjects\TrabajosPractico.X\Trabajo4.asm
               ISR_INICIO   0x000032    program     static C:\Users\Mauricio\MPLABXProjects\TrabajosPractico.X\Trabajo4.asm
                 TEST_COL   0x00003d    program     static C:\Users\Mauricio\MPLABXProjects\TrabajosPractico.X\Trabajo4.asm
                 TEST_FIL   0x00004a    program     static C:\Users\Mauricio\MPLABXProjects\TrabajosPractico.X\Trabajo4.asm
             TECL_DELAYC1   0x000050    program     static C:\Users\Mauricio\MPLABXProjects\TrabajosPractico.X\Trabajo4.asm
             TECL_DELAYC2   0x000055    program     static C:\Users\Mauricio\MPLABXProjects\TrabajosPractico.X\Trabajo4.asm
             TECL_DELAYC3   0x00005a    program     static C:\Users\Mauricio\MPLABXProjects\TrabajosPractico.X\Trabajo4.asm
             TECL_DELAYC4   0x00005f    program     static C:\Users\Mauricio\MPLABXProjects\TrabajosPractico.X\Trabajo4.asm
                TECL_LOAD   0x000064    program     static C:\Users\Mauricio\MPLABXProjects\TrabajosPractico.X\Trabajo4.asm
               TECL_LOAD3   0x000072    program     static C:\Users\Mauricio\MPLABXProjects\TrabajosPractico.X\Trabajo4.asm
               TECL_LOAD2   0x000077    program     static C:\Users\Mauricio\MPLABXProjects\TrabajosPractico.X\Trabajo4.asm
               TECL_LOAD1   0x00007a    program     static C:\Users\Mauricio\MPLABXProjects\TrabajosPractico.X\Trabajo4.asm
                 TECL_RES   0x00007d    program     static C:\Users\Mauricio\MPLABXProjects\TrabajosPractico.X\Trabajo4.asm
             WAIT_RELEASE   0x000081    program     static C:\Users\Mauricio\MPLABXProjects\TrabajosPractico.X\Trabajo4.asm
                  ISR_FIN   0x00008e    program     static C:\Users\Mauricio\MPLABXProjects\TrabajosPractico.X\Trabajo4.asm
                 MUESTREO   0x000092    program     static C:\Users\Mauricio\MPLABXProjects\TrabajosPractico.X\Trabajo4.asm
               TABLA_TECL   0x0000a8    program     static C:\Users\Mauricio\MPLABXProjects\TrabajosPractico.X\Trabajo4.asm
                DELAY_2ms   0x0000b9    program     static C:\Users\Mauricio\MPLABXProjects\TrabajosPractico.X\Trabajo4.asm
                LOOP1_2ms   0x0000bb    program     static C:\Users\Mauricio\MPLABXProjects\TrabajosPractico.X\Trabajo4.asm
                LOOP2_2ms   0x0000bd    program     static C:\Users\Mauricio\MPLABXProjects\TrabajosPractico.X\Trabajo4.asm
               DELAY_20ms   0x0000c3    program     static C:\Users\Mauricio\MPLABXProjects\TrabajosPractico.X\Trabajo4.asm
               LOOP1_20ms   0x0000c5    program     static C:\Users\Mauricio\MPLABXProjects\TrabajosPractico.X\Trabajo4.asm
               LOOP2_20ms   0x0000c7    program     static C:\Users\Mauricio\MPLABXProjects\TrabajosPractico.X\Trabajo4.asm


